// Jest Snapshot v1, https://goo.gl/fbAQLP

exports[`should render the Entry component 1`] = `
<div>
  <div>
    <h2>
      - 
      name
    </h2>
    <p>
      message
    </p>
  </div>
</div>
`;
